
ASEM-51 V1.3                                         Copyright (c) 2002 by W.W. Heinz                                         PAGE 1





       MCS-51 Family Macro Assembler   A S E M - 5 1   V 1.3
       =====================================================



	Source File:	slave4.asm
	Object File:	slave4.hex
	List File:	slave4.lst



 Line  I  Addr  Code            Source

    1:		N      0030	SLAVE		EQU	30H
    2:		N      0000			ORG	00H
    3:	  0000	01 30				AJMP	MAIN
    4:		N      0023			ORG	23H
    5:	  0023	02 00 58			LJMP	SSIO
    6:
    7:		N      0030			ORG	30H
    8:	  0030	75 81 60	MAIN:		MOV	SP,#60H
    9:	  0033	75 89 20			MOV	TMOD,#20H
   10:	  0036	75 8D FD			MOV	TH1,#0FDH
   11:	  0039	75 8B FD			MOV	TL1,#0FDH
   12:	  003C	D2 AF				SETB	EA		;串行口开中断
   13:	  003E	D2 AC				SETB	ES
   14:	  0040	75 98 D8			MOV	SCON,#0D8H
   15:	  0043	75 87 00			MOV	PCON,#0
   16:	  0046	D2 8E				SETB	TR1
   17:	  0048	D2 9D				SETB	SM2
   18:
   19:	  004A	74 FF				MOV	A,#0FFH
   20:	  004C	F5 90				MOV	P1,A
   21:	  004E	E5 90				MOV	A,P1
   22:	  0050	F5 30				MOV	SLAVE,A
   23:	  0052	7D 00				MOV	R5,#00H
   24:	  0054			DISPLAY:
   25:	  0054	8D A0				MOV	P2,R5
   26:	  0056	01 54				AJMP	DISPLAY
   27:	  0058			SSIO:
   28:	  0058	C0 E0				PUSH	Acc
   29:	  005A	C2 98				CLR	RI
   30:	  005C	20 9A 0A			JB	RB8,ADDR
   31:	  005F	E5 99				MOV	A,SBUF
   32:	  0061	FD				MOV 	R5,A
   33:	  0062	D0 E0		RETURN:		POP	Acc
   34:	  0064	D2 AC				SETB 	ES
   35:	  0066	D2 9D				SETB	SM2
   36:	  0068	32				RETI
   37:	  0069			ADDR:
   38:	  0069	E5 99				MOV	A,SBUF
   39:	  006B	65 30				XRL	A,SLAVE
   40:	  006D	60 05				JZ	CORRECT
   41:	  006F	D2 9D				SETB	SM2
   42:	  0071	D0 E0				POP	Acc
   43:	  0073	32				RETI

ASEM-51 V1.3                                         Copyright (c) 2002 by W.W. Heinz                                         PAGE 2



 Line  I  Addr  Code            Source

   44:	  0074			CORRECT:
   45:
   46:	  0074	C2 9D				CLR	SM2
   47:	  0076	D0 E0				POP	ACC
   48:	  0078	32				RETI
   49:
   50:						END
   51:
   52:
   53:





                     register banks used:  ---

                     no errors




ASEM-51 V1.3                                         Copyright (c) 2002 by W.W. Heinz                                         PAGE 3





	       L I S T   O F   S Y M B O L S
	       =============================


SYMBOL				  TYPE     VALUE	LINE
------------------------------------------------------------
??ASEM_51			  NUMBER    8051
??VERSION			  NUMBER    0130
AC				  BIT	      D6
ACC				  DATA	      E0
ADDR				  CODE	    0069	  37
B				  DATA	      F0
CORRECT				  CODE	    0074	  44
CY				  BIT	      D7
DISPLAY				  CODE	    0054	  24
DPH				  DATA	      83
DPL				  DATA	      82
EA				  BIT	      AF
ES				  BIT	      AC
ET0				  BIT	      A9
ET1				  BIT	      AB
EX0				  BIT	      A8
EX1				  BIT	      AA
EXTI0				  CODE	    0003
EXTI1				  CODE	    0013
F0				  BIT	      D5
IE				  DATA	      A8
IE0				  BIT	      89
IE1				  BIT	      8B
INT0				  BIT	      B2
INT1				  BIT	      B3
IP				  DATA	      B8
IT0				  BIT	      88
IT1				  BIT	      8A
MAIN				  CODE	    0030	   8
OV				  BIT	      D2
P				  BIT	      D0
P0				  DATA	      80
P1				  DATA	      90
P2				  DATA	      A0
P3				  DATA	      B0
PCON				  DATA	      87
PS				  BIT	      BC
PSW				  DATA	      D0
PT0				  BIT	      B9
PT1				  BIT	      BB
PX0				  BIT	      B8
PX1				  BIT	      BA
RB8				  BIT	      9A
RD				  BIT	      B7
REN				  BIT	      9C
RESET				  CODE	    0000
RETURN				  CODE	    0062	  33
RI				  BIT	      98
RS0				  BIT	      D3
RS1				  BIT	      D4

ASEM-51 V1.3                                         Copyright (c) 2002 by W.W. Heinz                                         PAGE 4



SYMBOL				  TYPE     VALUE	LINE
------------------------------------------------------------
RXD				  BIT	      B0
SBUF				  DATA	      99
SCON				  DATA	      98
SINT				  CODE	    0023
SLAVE				  NUMBER    0030	   1
SM0				  BIT	      9F
SM1				  BIT	      9E
SM2				  BIT	      9D
SP				  DATA	      81
SSIO				  CODE	    0058	  27
T0				  BIT	      B4
T1				  BIT	      B5
TB8				  BIT	      9B
TCON				  DATA	      88
TF0				  BIT	      8D
TF1				  BIT	      8F
TH0				  DATA	      8C
TH1				  DATA	      8D
TI				  BIT	      99
TIMER0				  CODE	    000B
TIMER1				  CODE	    001B
TL0				  DATA	      8A
TL1				  DATA	      8B
TMOD				  DATA	      89
TR0				  BIT	      8C
TR1				  BIT	      8E
TXD				  BIT	      B1
WR				  BIT	      B6
